1 -26.3611 -35.1482 26.3611 35.1482 -34.5278 46.0371 34.5278 -46.0371 -39.1111 39.1111 39.1111 -39.1111
2 -52.7222 -70.2963 52.7222 70.2963 -69.0556 92.0741 69.0556 -92.0741 -78.2222 78.2222 78.2222 -78.2222
