1 43.9352 -57.5463 -55.3114
2 87.8704 -115.093 -110.623
